// Jest Snapshot v1, https://goo.gl/fbAQLP

exports[`PageLoading 1`] = `
<div>
  <div
    class="component-page-loading-container undefined nprogress-custom-parent"
    id="component-page-loading-container"
    style="background: rgb(245, 245, 245);"
  >
    <div
      class="components-page-loading-loader"
    >
      <div
        class="component-preloader-square-container"
      >
        <div
          class="component-preloader-square-item"
          style="background: rgb(24, 144, 255);"
        />
        <div
          class="component-preloader-square-item component-preloader-square-animation-delay"
          style="background: rgb(24, 144, 255);"
        />
        <div
          class="component-preloader-square-item component-preloader-square-animation-delay"
          style="background: rgb(24, 144, 255);"
        />
        <div
          class="component-preloader-square-item"
          style="background: rgb(24, 144, 255);"
        />
      </div>
    </div>
    <div
      class="nprogress"
      id="nprogress"
    >
      <div
        class="bar"
        role="bar"
        style="transition: all 200ms linear; transform: translate3d(-100%,0,0); margin-left: -82%;"
      >
        <div
          class="peg"
        />
      </div>
    </div>
  </div>
</div>
`;
