// Jest Snapshot v1, https://goo.gl/fbAQLP

exports[`Calendar 1`] = `
<div>
  <div>
    <div
      class="calendar"
    >
      <div
        class="header"
      >
        <button
          type="button"
        >
          &lt;
        </button>
        <div>
          2024
          年
          八月
        </div>
        <button
          type="button"
        >
          &gt;
        </button>
      </div>
      <div
        class="days"
      >
        <div
          class="day"
        >
          日
        </div>
        <div
          class="day"
        >
          一
        </div>
        <div
          class="day"
        >
          二
        </div>
        <div
          class="day"
        >
          三
        </div>
        <div
          class="day"
        >
          四
        </div>
        <div
          class="day"
        >
          五
        </div>
        <div
          class="day"
        >
          六
        </div>
        <div
          class="empty"
        />
        <div
          class="empty"
        />
        <div
          class="empty"
        />
        <div
          class="empty"
        />
        <div
          class="day"
        >
          1
        </div>
        <div
          class="day"
        >
          2
        </div>
        <div
          class="day"
        >
          3
        </div>
        <div
          class="day"
        >
          4
        </div>
        <div
          class="day"
        >
          5
        </div>
        <div
          class="day"
        >
          6
        </div>
        <div
          class="day"
        >
          7
        </div>
        <div
          class="day"
        >
          8
        </div>
        <div
          class="day"
        >
          9
        </div>
        <div
          class="day"
        >
          10
        </div>
        <div
          class="day"
        >
          11
        </div>
        <div
          class="day"
        >
          12
        </div>
        <div
          class="day"
        >
          13
        </div>
        <div
          class="day"
        >
          14
        </div>
        <div
          class="day selected"
        >
          15
        </div>
        <div
          class="day"
        >
          16
        </div>
        <div
          class="day"
        >
          17
        </div>
        <div
          class="day"
        >
          18
        </div>
        <div
          class="day"
        >
          19
        </div>
        <div
          class="day"
        >
          20
        </div>
        <div
          class="day"
        >
          21
        </div>
        <div
          class="day"
        >
          22
        </div>
        <div
          class="day"
        >
          23
        </div>
        <div
          class="day"
        >
          24
        </div>
        <div
          class="day"
        >
          25
        </div>
        <div
          class="day"
        >
          26
        </div>
        <div
          class="day"
        >
          27
        </div>
        <div
          class="day"
        >
          28
        </div>
        <div
          class="day"
        >
          29
        </div>
        <div
          class="day"
        >
          30
        </div>
        <div
          class="day"
        >
          31
        </div>
      </div>
    </div>
  </div>
</div>
`;
